Clearance: 0.15mm (rules: explicit --clearance flag)
Edge clearance: 0.3mm (from jlcpcb manufacturer limits)
Routing: +3V3, VBUS_FUSED, VBUS_RAW, VBUS_SENSE, VIN, VOUT_PRE (power nets without zones)
============================================================
KiCad PCB Autorouter
============================================================
Input:    boards/09-usbc-pd-power/output/usbc_pd_power.kicad_pcb
Output:   /tmp/board09-reference/route-fine.kicad_pcb
Strategy: negotiated
Layers:   4-Layer SIG-GND-PWR-SIG (4 layers)
Skip:     GND
Edge:     0.3mm clearance

--- Loading PCB ---
WARNING: net-class-map: 31/32 entries matched a board net after normalization.
    'GND' -> no similar board net found
  Edge clearance: 0.3mm, 184128 cells blocked
  Net-class map: merged 31/32 sidecar entries
  Fine-pitch escape regions detected: 6 (J1, U1, Q1, Q2, U2, U3); escape clearance 0.140mm
  Board size: 100.0mm x 65.0mm
  Backend:    cpp v1.0.0 (native, 10-100x faster)
  Grid:       2001x1301x4 = 10,413,204 cells
  Total nets: 32
  Nets to route: 31 (multi-pad signal nets)

  144 pads off-grid; A* lands on pad metal directly, with the sub-grid escape pre-pass (uncovered pads) + PIN_ACCESS retry as recovery (waypoint injection unavailable on this backend)

--- Fine-Pitch Component Analysis ---

⚠️  Warning: Fine-pitch components detected
    Grid resolution: 0.05mm

  🔴 J1 (SSOP-18): 0.50mm pitch, 18 pads
      - 18 pads off-grid by 0.01-0.02mm at current 0.05mm grid
      - Recommendation: Use 0.025mm grid for better alignment
      - Affected nets: CC1, CC2, GND, VBUS_RAW

  🔴 U1 (SSOP-26): 0.50mm pitch, 26 pads
      - 24 pads off-grid by 0.01mm at current 0.05mm grid
      - Recommendation: Use 0.025mm grid for better alignment
      - Affected nets: CC1, CC2, DISCHARGE, GND, PD_ALERT, ... (14 total)

  ⚠️  C1 (SOT-2): 1.55mm pitch, 2 pads
      - 2 pads off-grid by 0.02mm at current 0.05mm grid
      - Recommendation: Use 0.025mm grid for better alignment
      - Affected nets: GND, VBUS_RAW

  ⚠️  C10 (SOT-2): 1.55mm pitch, 2 pads
      - 2 pads off-grid by 0.02mm at current 0.05mm grid
      - Recommendation: Use 0.025mm grid for better alignment
      - Affected nets: FB, VOUT_PRE

  ⚠️  C11 (SOT-2): 1.55mm pitch, 2 pads
      - 2 pads off-grid by 0.02mm at current 0.05mm grid
      - Recommendation: Use 0.025mm grid for better alignment
      - Affected nets: SENSE_N, SENSE_P

  ⚠️  C12 (SOT-2): 1.55mm pitch, 2 pads
      - 2 pads off-grid by 0.02mm at current 0.05mm grid
      - Recommendation: Use 0.025mm grid for better alignment
      - Affected nets: +3V3, GND

  ⚠️  C13 (SOT-2): 1.55mm pitch, 2 pads
      - 2 pads off-grid by 0.02mm at current 0.05mm grid
      - Recommendation: Use 0.025mm grid for better alignment
      - Affected nets: GND, VBUS_RAW

  ⚠️  C14 (SOT-2): 1.55mm pitch, 2 pads
      - 2 pads off-grid by 0.02mm at current 0.05mm grid
      - Recommendation: Use 0.025mm grid for better alignment
      - Affected nets: +3V3, GND

  ⚠️  C15 (SOT-2): 1.55mm pitch, 2 pads
      - 2 pads off-grid by 0.02mm at current 0.05mm grid
      - Recommendation: Use 0.025mm grid for better alignment
      - Affected nets: +5V_OUT, GND

  ⚠️  C2 (SOT-2): 1.55mm pitch, 2 pads
      - 2 pads off-grid by 0.02mm at current 0.05mm grid
      - Recommendation: Use 0.025mm grid for better alignment
      - Affected nets: GND, VREG_1V2

  ⚠️  C3 (SOT-2): 1.55mm pitch, 2 pads
      - 2 pads off-grid by 0.02mm at current 0.05mm grid
      - Recommendation: Use 0.025mm grid for better alignment
      - Affected nets: GND, VREG_2V7

  ⚠️  C4 (SOT-2): 1.55mm pitch, 2 pads
      - 2 pads off-grid by 0.02mm at current 0.05mm grid
      - Recommendation: Use 0.025mm grid for better alignment
      - Affected nets: PMOS_GATE, PMOS_SOURCE

  ⚠️  C5 (SOT-2): 2.95mm pitch, 2 pads
      - 2 pads off-grid by 0.02mm at current 0.05mm grid
      - Recommendation: Use 0.025mm grid for better alignment
      - Affected nets: GND, VIN

  ⚠️  C6 (SOT-2): 1.55mm pitch, 2 pads
      - 2 pads off-grid by 0.02mm at current 0.05mm grid
      - Recommendation: Use 0.025mm grid for better alignment
      - Affected nets: GND, VIN

  ⚠️  C7 (SOT-2): 1.55mm pitch, 2 pads
      - 2 pads off-grid by 0.02mm at current 0.05mm grid
      - Recommendation: Use 0.025mm grid for better alignment
      - Affected nets: BOOT_CAP, SW

  ⚠️  C8 (SOT-2): 2.95mm pitch, 2 pads
      - 2 pads off-grid by 0.02mm at current 0.05mm grid
      - Recommendation: Use 0.025mm grid for better alignment
      - Affected nets: GND, VOUT_PRE

  ⚠️  C9 (SOT-2): 2.95mm pitch, 2 pads
      - 2 pads off-grid by 0.02mm at current 0.05mm grid
      - Recommendation: Use 0.025mm grid for better alignment
      - Affected nets: GND, VOUT_PRE

  ⚠️  D2 (SOT-2): 1.57mm pitch, 2 pads
      - 2 pads off-grid by 0.01mm at current 0.05mm grid
      - Recommendation: Use 0.025mm grid for better alignment
      - Affected nets: GND, LED_A

  ⚠️  J2 (THT-2): 5.08mm pitch, 2 pads
      - 1 pads off-grid by 0.02mm at current 0.05mm grid
      - Recommendation: Use 0.01mm grid for better alignment
      - Affected nets: GND

  ⚠️  J3 (DIP-6): 2.54mm pitch, 6 pads
      - 4 pads off-grid by 0.01-0.02mm at current 0.05mm grid
      - Recommendation: Use 0.01mm grid for better alignment
      - Affected nets: +3V3, PD_ALERT, SCL, SDA

  ⚠️  Q1 (SOIC-8): 1.27mm pitch, 8 pads
      - 8 pads off-grid by 0.02mm at current 0.05mm grid
      - Recommendation: Use 0.01mm grid for better alignment
      - Affected nets: PMOS_GATE, PMOS_SOURCE, VBUS_FUSED

  ⚠️  Q2 (SOIC-8): 1.27mm pitch, 8 pads
      - 8 pads off-grid by 0.02mm at current 0.05mm grid
      - Recommendation: Use 0.01mm grid for better alignment
      - Affected nets: PMOS_GATE, PMOS_SOURCE, VIN

  ⚠️  R1 (SOT-2): 1.65mm pitch, 2 pads
      - 2 pads off-grid by 0.02mm at current 0.05mm grid
      - Recommendation: Use 0.025mm grid for better alignment
      - Affected nets: PMOS_GATE, PMOS_SOURCE

  ⚠️  R10 (SOT-2): 1.65mm pitch, 2 pads
      - 2 pads off-grid by 0.02mm at current 0.05mm grid
      - Recommendation: Use 0.025mm grid for better alignment
      - Affected nets: KELVIN_P, SENSE_P

  ⚠️  R11 (SOT-2): 1.65mm pitch, 2 pads
      - 2 pads off-grid by 0.02mm at current 0.05mm grid
      - Recommendation: Use 0.025mm grid for better alignment
      - Affected nets: KELVIN_N, SENSE_N

  ⚠️  R12 (SOT-2): 1.65mm pitch, 2 pads
      - 2 pads off-grid by 0.02mm at current 0.05mm grid
      - Recommendation: Use 0.025mm grid for better alignment
      - Affected nets: +3V3, SCL

  ⚠️  R13 (SOT-2): 1.65mm pitch, 2 pads
      - 2 pads off-grid by 0.02mm at current 0.05mm grid
      - Recommendation: Use 0.025mm grid for better alignment
      - Affected nets: +3V3, SDA

  ⚠️  R14 (SOT-2): 1.65mm pitch, 2 pads
      - 2 pads off-grid by 0.02mm at current 0.05mm grid
      - Recommendation: Use 0.025mm grid for better alignment
      - Affected nets: +3V3, PD_ALERT

  ⚠️  R15 (SOT-2): 1.65mm pitch, 2 pads
      - 2 pads off-grid by 0.02mm at current 0.05mm grid
      - Recommendation: Use 0.025mm grid for better alignment
      - Affected nets: +3V3, MON_ALERT

  ⚠️  R16 (SOT-2): 1.65mm pitch, 2 pads
      - 2 pads off-grid by 0.02mm at current 0.05mm grid
      - Recommendation: Use 0.025mm grid for better alignment
      - Affected nets: +5V_OUT, LED_A

  ⚠️  R17 (SOT-2): 1.65mm pitch, 2 pads
      - 2 pads off-grid by 0.02mm at current 0.05mm grid
      - Recommendation: Use 0.025mm grid for better alignment
      - Affected nets: +3V3, PD_OK2

  ⚠️  R18 (SOT-2): 1.65mm pitch, 2 pads
      - 2 pads off-grid by 0.02mm at current 0.05mm grid
      - Recommendation: Use 0.025mm grid for better alignment
      - Affected nets: +3V3, PD_OK3

  ⚠️  R2 (SOT-2): 1.65mm pitch, 2 pads
      - 2 pads off-grid by 0.02mm at current 0.05mm grid
      - Recommendation: Use 0.025mm grid for better alignment
      - Affected nets: PMOS_GATE, SINK_GATE

  ⚠️  R3 (SOT-2): 2.93mm pitch, 2 pads
      - 2 pads off-grid by 0.01mm at current 0.05mm grid
      - Recommendation: Use 0.025mm grid for better alignment
      - Affected nets: VBUS_RAW, VBUS_SENSE

  ⚠️  R4 (SOT-2): 2.93mm pitch, 2 pads
      - 2 pads off-grid by 0.01mm at current 0.05mm grid
      - Recommendation: Use 0.025mm grid for better alignment
      - Affected nets: DISCHARGE, VIN

  ⚠️  R5 (SOT-2): 1.65mm pitch, 2 pads
      - 2 pads off-grid by 0.02mm at current 0.05mm grid
      - Recommendation: Use 0.025mm grid for better alignment
      - Affected nets: BUCK_EN, VIN

  ⚠️  R6 (SOT-2): 1.65mm pitch, 2 pads
      - 2 pads off-grid by 0.02mm at current 0.05mm grid
      - Recommendation: Use 0.025mm grid for better alignment
      - Affected nets: BUCK_EN, GND

  ⚠️  R7 (SOT-2): 1.65mm pitch, 2 pads
      - 2 pads off-grid by 0.02mm at current 0.05mm grid
      - Recommendation: Use 0.025mm grid for better alignment
      - Affected nets: FB, VOUT_PRE

  ⚠️  R8 (SOT-2): 1.65mm pitch, 2 pads
      - 2 pads off-grid by 0.02mm at current 0.05mm grid
      - Recommendation: Use 0.025mm grid for better alignment
      - Affected nets: FB, GND

  ⚠️  R9 (SOT-2): 1.65mm pitch, 2 pads
      - 2 pads off-grid by 0.02mm at current 0.05mm grid
      - Recommendation: Use 0.025mm grid for better alignment
      - Affected nets: BOOT, BOOT_CAP

  ⚠️  RSH1 (SOT-4): 1.96mm pitch, 4 pads
      - 4 pads off-grid by 0.01-0.02mm at current 0.05mm grid
      - Recommendation: Use 0.025mm or 0.025mm grid
      - Affected nets: +5V_OUT, KELVIN_N, KELVIN_P, VOUT_PRE

  ⚠️  U2 (MSOP-6): 0.95mm pitch, 6 pads
      - 6 pads off-grid by 0.01mm at current 0.05mm grid
      - Recommendation: Use 0.025mm grid for better alignment
      - Affected nets: BOOT, BUCK_EN, FB, GND, SW, ... (6 total)

  ⚠️  U4 (SOT-3): 1.90mm pitch, 3 pads
      - 3 pads off-grid by 0.01mm at current 0.05mm grid
      - Recommendation: Use 0.025mm grid for better alignment
      - Affected nets: +3V3, GND, VBUS_RAW

  Recommendations:
    • Use finer grid: --grid 0.025 or --grid 0.025
    • Consider enabling sub-grid routing for pad connections
    • Review affected nets for manual routing

  WARNING: 87% of pads (144/165) are off-grid at 0.05mm resolution.
  Routing quality will be degraded. Consider --grid 0.025 for better pad alignment.

--- Routing (negotiated) ---
  Timeout: 90.0s
  Per-net timeout: 8.0s
Escape routing for J1 (USB_C_CONNECTOR, 18 pins, 0.50mm pitch): 0 pins escaped -- all escapes failed clearance validation. Consider setting fine_pitch_clearance in DesignRules or adding a component_clearances override for J1.
Escape routing for U3: 3 of 4 pins deferred to main router (clearance violation)
Escape routing for U3: 5 of 6 pins deferred to main router (clearance violation)
impedance-driven sizing: PCB stackup deviates from predefined 'jlcpcb_4layer' (deviation: dielectric thickness Δ=0.000mm, εr Δ=0.55); impedance-driven sizing may not achieve the target
  Escape routing: auto-enabled (dense packages: ['J1', 'U1', 'Q1', 'Q2', 'U3'])

=== Routing with Escape Pattern Generation ===

--- Phase 1: Escape Routing (5 dense packages) ---
  J1: USB_C_CONNECTOR, 18 pins
  U1: UNKNOWN, 26 pins
  Q1: SOP, 8 pins
  Q2: SOP, 8 pins
  U3: TSSOP, 10 pins
  Escape routes: J1 (USB_C_CONNECTOR) - 0 pins escaped
  Escape routes: U1 (UNKNOWN) - 14 pins escaped
  Escape routes: Q1 (SOP) - 0 pins escaped
  Escape routes: Q2 (SOP) - 0 pins escaped
  Escape routes: U3 (TSSOP) - 2 pins escaped
  Escape endpoint overrides: 16 pads remapped to escape endpoints
  Generated 16 escape route segments
  Pad-channel budgets: 16 escape channel(s) tagged (Issue #3143)

--- Phase 2: Main Routing ---
  Relief-rescue sub-search cap: 8.0s wall clock -- deterministic rescue is off for this route (the default; opt in with deterministic_rescue=True; issue #4730)
  Relief-rescue transaction bound: exempt -- the two-phase stall-relief hook (#3471) carries no stage deadline into its rescues, so the proportional bound has no remaining-budget denominator on this path (issue #4781)

=== Two-Phase Routing (Global + Detailed) ===

--- Phase 1: Global Routing (tile-based) ---
  Tile grid: 28x18 (504 regions, 1924 edges, pitch=0.350mm, layers=4)
  Global routing: 31/31 nets have corridors (5 iterations, overflow=0, 0.0s)

--- Phase 2: Detailed Routing ---
  [  0.0%] Routing VBUS_RAW... (0.0s)
Net VBUS_RAW: C++ pathfinder gave up (post-route clearance validation failed; exhausted 5 resume attempts); falling back to the pure-Python A* (typically 10-100x slower -- this net may take minutes). See router.backend_info['fallback_stats'] for details.
  Intra-IC defer: J1 pins A9->B4 (direct path violates 0.200mm pad clearance, no legal perimeter wrap)
  Intra-IC defer: J1 pins A4->B9 (direct path violates 0.200mm pad clearance, no legal perimeter wrap)
  [  3.2%] Routing CC1... (8.1s)
Net CC1: C++ pathfinder gave up (post-route clearance validation failed; exhausted 5 resume attempts); falling back to the pure-Python A* (typically 10-100x slower -- this net may take minutes). See router.backend_info['fallback_stats'] for details.
  Intra-IC route: U1 pins 1->2 (0.50mm)
  [  6.5%] Routing CC2... (16.4s)
Net CC2: C++ pathfinder gave up (post-route clearance validation failed; exhausted 5 resume attempts); falling back to the pure-Python A* (typically 10-100x slower -- this net may take minutes). See router.backend_info['fallback_stats'] for details.
  Intra-IC route: U1 pins 4->5 (0.50mm)
  [  9.7%] Routing VIN... (24.9s)
  Intra-IC route: Q2 pins 5->6 (1.27mm)
  Intra-IC route: Q2 pins 6->7 (1.27mm)
  Intra-IC route: Q2 pins 7->8 (1.27mm)
  [ 12.9%] Routing SCL... (33.3s)
  [ 16.1%] Routing SDA... (35.3s)
  [ 19.4%] Routing +3V3... (43.8s)
  [ 22.6%] Routing +5V_OUT... (45.9s)
  [ 25.8%] Routing PD_ALERT... (54.4s)
  [ 29.0%] Routing VREG_1V2... (59.6s)
Net VREG_1V2: C++ pathfinder gave up (no path (C++ A* open set exhausted)); falling back to the pure-Python A* (typically 10-100x slower -- this net may take minutes). See router.backend_info['fallback_stats'] for details.
  [ 32.3%] Routing VBUS_SENSE... (60.0s)
  [ 35.5%] Routing VREG_2V7... (60.0s)
  [ 38.7%] Routing DISCHARGE... (60.1s)
Net DISCHARGE: C++ pathfinder gave up (no path (C++ A* open set exhausted)); falling back to the pure-Python A* (typically 10-100x slower -- this net may take minutes). See router.backend_info['fallback_stats'] for details.
  [ 41.9%] Routing SINK_GATE... (60.6s)
  [ 45.2%] Routing PD_OK2... (60.7s)
Net PD_OK2: C++ pathfinder gave up (no path (C++ A* open set exhausted)); falling back to the pure-Python A* (typically 10-100x slower -- this net may take minutes). See router.backend_info['fallback_stats'] for details.
  [ 48.4%] Routing PD_OK3... (61.0s)
  [ 51.6%] Routing FB... (61.1s)
  [ 54.8%] Routing BUCK_EN... (61.3s)
  [ 58.1%] Routing SW... (61.4s)
Net SW: C++ pathfinder gave up (post-route clearance validation failed; exhausted 5 resume attempts); falling back to the pure-Python A* (typically 10-100x slower -- this net may take minutes). See router.backend_info['fallback_stats'] for details.
  [ 61.3%] Routing BOOT... (70.6s)
  [ 64.5%] Routing VOUT_PRE... (70.7s)
  [ 67.7%] Routing LED_A... (79.0s)
  [ 71.0%] Routing BOOT_CAP... (79.1s)
  [ 74.2%] Routing KELVIN_P... (79.1s)
  [ 77.4%] Routing KELVIN_N... (79.2s)
Net KELVIN_N: C++ pathfinder gave up (post-route clearance validation failed; exhausted 5 resume attempts); falling back to the pure-Python A* (typically 10-100x slower -- this net may take minutes). See router.backend_info['fallback_stats'] for details.
  ⚠ Timeout during detailed routing at net 25/31 (86.9s)
Net SENSE_N: C++ pathfinder gave up (post-route clearance validation failed; exhausted 5 resume attempts); falling back to the pure-Python A* (typically 10-100x slower -- this net may take minutes). See router.backend_info['fallback_stats'] for details.
Net MON_ALERT: C++ pathfinder gave up (post-route clearance validation failed; exhausted 5 resume attempts); falling back to the pure-Python A* (typically 10-100x slower -- this net may take minutes). See router.backend_info['fallback_stats'] for details.
  Intra-IC route: Q1 pins 1->2 (1.27mm)
  Intra-IC route: Q1 pins 2->3 (1.27mm)
  Intra-IC route: Q2 pins 3->2 (1.27mm)
  Intra-IC route: Q2 pins 2->1 (1.27mm)
  Intra-IC route: Q1 pins 8->7 (1.27mm)
  Intra-IC route: Q1 pins 7->6 (1.27mm)
  Intra-IC route: Q1 pins 6->5 (1.27mm)
  Grace pass: 5/6 starved net(s) routed in 7.2s (0 skipped) (Issue #3452)
  Initial pass: 23/31 nets, overflow: 56
/Users/rwalters/GitHub/kicad-tools/src/kicad_tools/router/primitives.py:331: OffAngleSegmentWarning: off-angle segment [net 23 on F.Cu]: (174.6000, 103.5000) -> (176.4100, 104.0450) is 16.7573 deg off the 0/45/90/135 set (tol 0.01 deg).  Serializing as-is for the legacy quantize_pcb_file fallback to repair; migrate this emitter to a by-construction dogleg (issue #3907).  Set KICAD_TOOLS_SEGMENT_45_STRICT=1 to make this a hard error.
  verify_segment_45(

=== Two-Phase Routing Complete ===
  Total nets: 31
  Global routing: 31 corridors assigned
  Detailed routing: 16 nets routed
    (11 additional net(s) have partial routes)
  Total time: 94.9s
Failed nets:
  - Net 27 "VBUS_RAW": blocked_path (blocked_path)
  - Net 6 "CC1": blocked_path (blocked_path)
  - Net 7 "CC2": blocked_path (blocked_path)
  - Net 29 "VIN": blocked_path (blocked_path)
  - Net 21 "SDA": blocked_path (blocked_path)
  - Net 2 "+5V_OUT": blocked_path (blocked_path)
  - Net 31 "VREG_1V2": blocked_path (blocked_path)
  - Net 8 "DISCHARGE": blocked_path (blocked_path)
  - Net 16 "PD_OK2": blocked_path (blocked_path)
  - Net 25 "SW": blocked_path (blocked_path)
  ... and 5 more failed nets

=== Routing with Escape Complete ===
  Dense packages escaped: 5
  Total nets routed: 16
  Total segments: 11750
  Total vias: 29
Failed nets:
  - Net 27 "VBUS_RAW": blocked_path (blocked_path)
  - Net 6 "CC1": blocked_path (blocked_path)
  - Net 7 "CC2": blocked_path (blocked_path)
  - Net 29 "VIN": blocked_path (blocked_path)
  - Net 21 "SDA": blocked_path (blocked_path)
  - Net 2 "+5V_OUT": blocked_path (blocked_path)
  - Net 31 "VREG_1V2": blocked_path (blocked_path)
  - Net 8 "DISCHARGE": blocked_path (blocked_path)
  - Net 16 "PD_OK2": blocked_path (blocked_path)
  - Net 25 "SW": blocked_path (blocked_path)
  ... and 5 more failed nets

--- Optimizing traces ---


⚠ Interrupt received! Saving partial results...

  Raw partial snapshot saved to: /tmp/board09-reference/route-fine_partial.kicad_pcb (pre-optimize, pre-DRC; NOT canonical)
  Canonical output remains: /tmp/board09-reference/route-fine.kicad_pcb
    Nets routed: 16
    Segments: 11750
    Vias: 29
