C++ router backend: available (version 1.0.0) -- timing will be recorded.
C1: 1/2 pads escaped (clearance violation: 1)
C10: 0/2 pads escaped (clearance violation: 2)
C11: 1/2 pads escaped (clearance violation: 1)
C12: 0/2 pads escaped (clearance violation: 2)
C15: 0/2 pads escaped (clearance violation: 2)
C16: 0/2 pads escaped (clearance violation: 2)
C2: 0/2 pads escaped (clearance violation: 2)
C4: 1/2 pads escaped (clearance violation: 1)
C7: 1/2 pads escaped (clearance violation: 1)
C8: 0/2 pads escaped (clearance violation: 2)
D1: 0/2 pads escaped (clearance violation: 2)
D2: 0/2 pads escaped (clearance violation: 2)
F1: 1/2 pads escaped (clearance violation: 1)
FB1: 0/2 pads escaped (clearance violation: 2)
J1: 7/11 pads escaped (clearance violation: 4)
J3: 8/10 pads escaped (clearance violation: 2)
L1: 1/2 pads escaped (clearance violation: 1)
R1: 0/2 pads escaped (clearance violation: 2)
R2: 0/2 pads escaped (clearance violation: 2)
R3: 0/2 pads escaped (clearance violation: 2)
R4: 0/2 pads escaped (clearance violation: 2)
U1: 2/3 pads escaped (clearance violation: 1)
U3: 13/34 pads escaped (clearance violation: 21)
U4: 18/22 pads escaped (clearance violation: 4)
WARNING: layer stack '4-Layer SIG-GND-PWR-SIG' designates In1.Cu, In2.Cu as controlled-impedance reference plane(s), but PLANE metadata is NOT a hard routing constraint today -- LayerDefinition.is_routable treats every copper layer as signal-eligible, so the router may freely route signal onto those planes and break the continuous reference construction the design depends on. Pass --reserve-plane-layers to hard-restrict signal routing to the non-plane layers (F.Cu, B.Cu), or accept this warning if mixed-layer routing on the plane is intentional for this recipe.
C1: 1/2 pads escaped (clearance violation: 1)
C10: 0/2 pads escaped (clearance violation: 2)
C11: 1/2 pads escaped (clearance violation: 1)
C12: 0/2 pads escaped (clearance violation: 2)
C15: 0/2 pads escaped (clearance violation: 2)
C16: 0/2 pads escaped (clearance violation: 2)
C2: 0/2 pads escaped (clearance violation: 2)
C4: 1/2 pads escaped (clearance violation: 1)
C7: 1/2 pads escaped (clearance violation: 1)
C8: 0/2 pads escaped (clearance violation: 2)
D1: 0/2 pads escaped (clearance violation: 2)
D2: 0/2 pads escaped (clearance violation: 2)
F1: 1/2 pads escaped (clearance violation: 1)
FB1: 0/2 pads escaped (clearance violation: 2)
J1: 7/11 pads escaped (clearance violation: 4)
J3: 8/10 pads escaped (clearance violation: 2)
L1: 1/2 pads escaped (clearance violation: 1)
R1: 0/2 pads escaped (clearance violation: 2)
R2: 0/2 pads escaped (clearance violation: 2)
R3: 0/2 pads escaped (clearance violation: 2)
R4: 0/2 pads escaped (clearance violation: 2)
U1: 2/3 pads escaped (clearance violation: 1)
U3: 13/34 pads escaped (clearance violation: 21)
U4: 18/22 pads escaped (clearance violation: 4)
C1: 1/2 pads escaped (clearance violation: 1)
C10: 0/2 pads escaped (clearance violation: 2)
C11: 1/2 pads escaped (clearance violation: 1)
C12: 0/2 pads escaped (clearance violation: 2)
C15: 0/2 pads escaped (clearance violation: 2)
C16: 0/2 pads escaped (clearance violation: 2)
C2: 0/2 pads escaped (clearance violation: 2)
C4: 1/2 pads escaped (clearance violation: 1)
C7: 1/2 pads escaped (clearance violation: 1)
C8: 0/2 pads escaped (clearance violation: 2)
D1: 0/2 pads escaped (clearance violation: 2)
D2: 0/2 pads escaped (clearance violation: 2)
F1: 1/2 pads escaped (clearance violation: 1)
FB1: 0/2 pads escaped (clearance violation: 2)
J1: 7/11 pads escaped (clearance violation: 4)
J3: 8/10 pads escaped (clearance violation: 2)
L1: 1/2 pads escaped (clearance violation: 1)
R1: 0/2 pads escaped (clearance violation: 2)
R2: 0/2 pads escaped (clearance violation: 2)
R3: 0/2 pads escaped (clearance violation: 2)
R4: 0/2 pads escaped (clearance violation: 2)
U1: 2/3 pads escaped (clearance violation: 1)
U3: 13/34 pads escaped (clearance violation: 21)
U4: 18/22 pads escaped (clearance violation: 4)
WARNING: layer stack '6-Layer SIG-GND-SIG-SIG-PWR-SIG' designates In1.Cu, In4.Cu as controlled-impedance reference plane(s), but PLANE metadata is NOT a hard routing constraint today -- LayerDefinition.is_routable treats every copper layer as signal-eligible, so the router may freely route signal onto those planes and break the continuous reference construction the design depends on. Pass --reserve-plane-layers to hard-restrict signal routing to the non-plane layers (F.Cu, In2.Cu, In3.Cu, B.Cu), or accept this warning if mixed-layer routing on the plane is intentional for this recipe.
C1: 1/2 pads escaped (clearance violation: 1)
C10: 0/2 pads escaped (clearance violation: 2)
C11: 1/2 pads escaped (clearance violation: 1)
C12: 0/2 pads escaped (clearance violation: 2)
C15: 0/2 pads escaped (clearance violation: 2)
C16: 0/2 pads escaped (clearance violation: 2)
C2: 0/2 pads escaped (clearance violation: 2)
C4: 1/2 pads escaped (clearance violation: 1)
C7: 1/2 pads escaped (clearance violation: 1)
C8: 0/2 pads escaped (clearance violation: 2)
D1: 0/2 pads escaped (clearance violation: 2)
D2: 0/2 pads escaped (clearance violation: 2)
F1: 1/2 pads escaped (clearance violation: 1)
FB1: 0/2 pads escaped (clearance violation: 2)
J1: 7/11 pads escaped (clearance violation: 4)
J3: 8/10 pads escaped (clearance violation: 2)
L1: 1/2 pads escaped (clearance violation: 1)
R1: 0/2 pads escaped (clearance violation: 2)
R2: 0/2 pads escaped (clearance violation: 2)
R3: 0/2 pads escaped (clearance violation: 2)
R4: 0/2 pads escaped (clearance violation: 2)
U1: 2/3 pads escaped (clearance violation: 1)
U3: 13/34 pads escaped (clearance violation: 21)
U4: 18/22 pads escaped (clearance violation: 4)
WARNING: rule 'diffpair_length_skew' is INACTIVE without a net-class-map sidecar and will silently pass; supply a net-class-map sidecar to validate length-match skew.
WARNING: rule 'diffpair_routing_continuity' is INACTIVE without a net-class-map sidecar and will silently pass; supply a net-class-map sidecar to validate length-match skew.
WARNING: rule 'match_group_length_skew' is INACTIVE without a net-class-map sidecar and will silently pass; supply a net-class-map sidecar to validate length-match skew.
[seed] Seeded global random with --seed 42
  Note: no current-paths sidecar found; declared branch current checks (path_ampacity) are INACTIVE. Pass --current-paths FILE to enable them, or --no-current-paths to silence this.
Clearance: 0.127mm (rules: board net_class "Default")

--- Auto-selecting grid resolution ---
Multi-Resolution Grid Plan (adaptive)
  Coarse grid: 0.050mm
  Fine zones: 29
    J1: 0.0250mm (6.7x10.6mm, ~113,632 cells)
    R1: 0.0100mm (4.0x5.0mm, ~199,297 cells) offset=(0.0050,0.0000)
    J2: 0.0250mm (4.2x9.7mm, ~65,403 cells)
    J3: 0.0100mm (9.1x5.3mm, ~479,424 cells)
    C1: 0.0250mm (4.0x5.6mm, ~35,903 cells) offset=(0.0100,0.0200)
    C2: 0.0250mm (4.0x5.6mm, ~36,064 cells) offset=(0.0050,0.0150)
    C3: 0.0100mm (5.0x4.0mm, ~199,297 cells)
    C4: 0.0100mm (4.0x5.0mm, ~199,297 cells) offset=(0.0050,0.0050)
    C5: 0.0100mm (4.0x5.0mm, ~199,297 cells) offset=(0.0050,0.0050)
    C6: 0.0100mm (5.0x4.0mm, ~199,297 cells) offset=(0.0050,0.0000)
    C7: 0.0100mm (4.0x5.0mm, ~199,297 cells) offset=(0.0000,0.0050)
    C8: 0.0250mm (5.6x4.0mm, ~36,064 cells) offset=(0.0125,0.0000)
    C10: 0.0100mm (4.0x5.0mm, ~199,297 cells) offset=(0.0050,0.0000)
    C11: 0.0100mm (5.0x4.0mm, ~199,297 cells) offset=(0.0000,0.0050)
    C12: 0.0100mm (5.0x4.0mm, ~199,297 cells) offset=(0.0000,0.0050)
    C13: 0.0100mm (4.0x5.0mm, ~199,297 cells)
    C14: 0.0100mm (4.0x5.0mm, ~199,297 cells) offset=(0.0050,0.0000)
    D1: 0.0250mm (4.0x5.6mm, ~36,064 cells) offset=(0.0150,0.0050)
    D2: 0.0250mm (4.0x5.6mm, ~36,064 cells) offset=(0.0150,0.0050)
    L2: 0.0100mm (4.0x5.0mm, ~199,297 cells) offset=(0.0000,0.0050)
    L3: 0.0100mm (4.0x5.0mm, ~199,297 cells) offset=(0.0000,0.0050)
    R2: 0.0250mm (5.6x4.0mm, ~36,064 cells) offset=(0.0125,0.0000)
    R3: 0.0250mm (5.6x4.0mm, ~36,064 cells) offset=(0.0150,0.0050)
    R4: 0.0100mm (4.0x5.0mm, ~199,297 cells) offset=(0.0050,0.0050)
    R5: 0.0100mm (5.0x4.0mm, ~199,297 cells) offset=(0.0000,0.0050)
    U1: 0.0250mm (5.9x6.0mm, ~56,640 cells) offset=(0.0000,0.0150)
    U3: 0.0125mm (8.9x8.9mm, ~505,521 cells) offset=(0.0025,0.0050)
    U4: 0.0125mm (7.9x7.9mm, ~398,161 cells)
    Y1: 0.0250mm (6.2x5.7mm, ~57,021 cells)
  Total cell estimate: 5,152,324
  Uniform fallback would be: 0.050mm

Edge clearance: 0.3mm (from jlcpcb manufacturer limits)
============================================================
KiCad PCB Autorouter - Layer Escalation Mode
============================================================
Input:          /evidence/cases/strf.zero-touch/output/normalized/strf.kicad_pcb
Output:         /evidence/cases/strf.zero-touch/output/routed/strf.zero-touch.kicad_pcb
Strategy:       negotiated
Max layers:     6
Min completion: 95%

============================================================
Attempt 1: 2 layers (2-Layer)
============================================================
  Edge clearance: 0.3mm, 68 cells blocked
  Fine-pitch escape regions detected: 5 (J1, J3, U2, U3, U4); escape clearance 0.140mm
  WARNING: no manufacturer configured (rules.manufacturer unset); fine-pitch escape regions detected but escape clearance defaulted to rules.trace_clearance (no shrink). Set --manufacturer to enable the tier-aware escape clearance.
  Board size: 65.0mm x 56.0mm
  Nets to route: 11

  WARNING: 17 single-pad signal net(s) detected (13 defect(s), 4 connector NC):
    DEFECTS (likely missing footprint or schematic/PCB drift):
      - Net-(U3-Pad10)
      - Net-(U3-Pad11)
      - Net-(U3-Pad12)
      - Net-(U3-Pad13)
      - Net-(U3-Pad14)
      - Net-(U3-Pad15)
      - Net-(U3-Pad18)
      - Net-(U3-Pad19)
      - Net-(U3-Pad2)
      - Net-(U3-Pad20)
      - Net-(U3-Pad3)
      - Net-(U3-Pad6)
      - Net-(U3-Pad7)
    INFO -- connector-pin NCs (typically intentional GPIO no-connects):
      - Net-(J1-Pad4)
      - Net-(J3-Pad6)
      - Net-(J3-Pad7)
      - Net-(J3-Pad8)
  Run 'kct check --only single_pad_net <pcb>' for details. Routing will proceed but these nets cannot be connected.

  Routing (negotiated)...
  Escape routing: auto-enabled (dense packages: ['J1', 'U3', 'U4'])

=== Routing with Escape Pattern Generation ===
  Sub-grid pre-pass: 88 escapes for 152 off-grid pads, 4 cells unblocked
  Sub-grid pre-pass: 64 pads could not escape (components: C1, C10, C11, C12, C15, C16, C2, C4, C7, C8, D1, D2, F1, FB1, J1, J3, L1, R1, R2, R3, R4, U1, U3, U4)

--- Phase 1: Escape Routing (3 dense packages) ---
  J1: QFP, 11 pins
  U3: UNKNOWN, 34 pins
  U4: UNKNOWN, 22 pins
  Escape routes: J1 (QFP) - 1 pins escaped
  Escape routes: U3 (UNKNOWN) - 16 pins escaped
  Escape routes: U4 (UNKNOWN) - 2 pins escaped
  Escape endpoint overrides: 19 pads remapped to escape endpoints
  Generated 19 escape route segments
  Pad-channel budgets: 5 escape channel(s) tagged (Issue #3143)

--- Phase 2: Main Routing ---
  Relief-rescue sub-search cap: 10.0s wall clock -- deterministic rescue is off for this route (the default; opt in with deterministic_rescue=True; issue #4730)
  Relief-rescue transaction bound: exempt -- the two-phase stall-relief hook (#3471) carries no stage deadline into its rescues, so the proportional bound has no remaining-budget denominator on this path (issue #4781)

=== Two-Phase Routing (Global + Detailed) ===
  Skipping 17 single-pad net(s) (trivially connected)

--- Phase 1: Global Routing (tile-based) ---
  Tile grid: 19x17 (323 regions, 1220 edges, pitch=0.327mm, layers=2)
  Global routing: 0/11 nets have corridors (0 iterations, overflow=0, 0.0s)
  11 nets failed global routing (will attempt anyway)

--- Phase 2: Detailed Routing ---
  [  0.0%] Routing Net-(R4-Pad1)... (0.0s)
  [  9.1%] Routing Net-(C12-Pad1)... (0.0s)
  [ 18.2%] Routing Net-(R1-Pad1)... (0.0s)
  [ 27.3%] Routing Net-(C15-Pad2)... (0.0s)
  [ 36.4%] Routing Net-(D2-Pad2)... (0.0s)
  [ 45.5%] Routing Net-(D1-Pad2)... (0.0s)
  [ 54.5%] Routing Net-(D2-Pad1)... (0.0s)
  [ 63.6%] Routing Net-(F1-Pad1)... (0.0s)
  [ 72.7%] Routing Net-(D1-Pad1)... (0.0s)
  [ 81.8%] Routing Net-(C15-Pad1)... (0.0s)
  [ 90.9%] Routing Net-(C1-Pad1)... (0.0s)
  Initial pass: 0/11 nets, overflow: 0
  Initial pass stall (overflow=0): 11 net(s) unrouted -- engaging BLOCKED_BY_COMPONENT rip-up (0.0s)
  Relief rescue: Net-(R4-Pad1) has NO relief path (round 1) -- rolling back (0.0s)
  Relief rescue: Net-(C12-Pad1) has NO relief path (round 1) -- rolling back (0.0s)
  Relief rescue: Net-(R1-Pad1) has NO relief path (round 1) -- rolling back (0.0s)
  Relief rescue: Net-(C15-Pad2) has NO relief path (round 1) -- rolling back (0.0s)
  Relief rescue: Net-(D2-Pad2) has NO relief path (round 1) -- rolling back (0.0s)
  Relief rescue: Net-(D1-Pad2) has NO relief path (round 1) -- rolling back (0.0s)
  Relief rescue: Net-(D2-Pad1) has NO relief path (round 1) -- rolling back (0.0s)
  Relief rescue: Net-(F1-Pad1) has NO relief path (round 1) -- rolling back (0.0s)
  Relief rescue: Net-(D1-Pad1) has NO relief path (round 1) -- rolling back (0.0s)
  Relief rescue: Net-(C15-Pad1) has NO relief path (round 1) -- rolling back (0.0s)
  Relief rescue: Net-(C1-Pad1) has NO relief path (round 1) -- rolling back (0.0s)
  Stall relief rescue resolved 0/11 net(s) (0.0s)
  ⚠ Cross-net crossing between non-rippable escape infra: Net_0 vs Net-(C15-Pad1) -- neither net demotable; reported as a routing failure (M3, #4208)
  ⚠ Cross-net crossing between non-rippable escape infra: Net_0 vs Net-(J3-Pad8) -- neither net demotable; reported as a routing failure (M3, #4208)
  ⚠ Cross-net crossing between non-rippable escape infra: Net_0 vs Net-(J3-Pad6) -- neither net demotable; reported as a routing failure (M3, #4208)
  ⚠ Cross-net crossing between non-rippable escape infra: Net-(C15-Pad1) vs Net-(J3-Pad8) -- neither net demotable; reported as a routing failure (M3, #4208)
  ⚠ Cross-net crossing between non-rippable escape infra: Net-(C15-Pad1) vs Net-(J3-Pad6) -- neither net demotable; reported as a routing failure (M3, #4208)
  ⚠ Cross-net crossing between non-rippable escape infra: Net-(J3-Pad8) vs Net-(J3-Pad6) -- neither net demotable; reported as a routing failure (M3, #4208)

=== Two-Phase Routing Complete ===
  Total nets: 11
  Global routing: 0 corridors assigned
  Detailed routing: 20 nets routed
    (3 additional net(s) have partial routes)
  Total time: 0.0s
Failed nets:
  - Net 49 "Net-(R4-Pad1)": blocked_path (blocked_path)
  - Net 5 "Net-(C12-Pad1)": blocked_path (blocked_path)
  - Net 45 "Net-(R1-Pad1)": blocked_path (blocked_path)
  - Net 9 "Net-(C15-Pad2)": blocked_path (blocked_path)
  - Net 13 "Net-(D2-Pad2)": blocked_path (blocked_path)
  - Net 12 "Net-(D1-Pad2)": blocked_path (blocked_path)
  - Net 14 "Net-(D2-Pad1)": blocked_path (blocked_path)
  - Net 44 "Net-(F1-Pad1)": blocked_path (blocked_path)
  - Net 11 "Net-(D1-Pad1)": blocked_path (blocked_path)
  - Net 8 "Net-(C15-Pad1)": blocked_path (blocked_path)
  ... and 1 more failed net

=== Routing with Escape Complete ===
  Dense packages escaped: 3
  Total nets routed: 20
  Total segments: 190
  Total vias: 0
Failed nets:
  - Net 49 "Net-(R4-Pad1)": blocked_path (blocked_path)
  - Net 5 "Net-(C12-Pad1)": blocked_path (blocked_path)
  - Net 45 "Net-(R1-Pad1)": blocked_path (blocked_path)
  - Net 9 "Net-(C15-Pad2)": blocked_path (blocked_path)
  - Net 13 "Net-(D2-Pad2)": blocked_path (blocked_path)
  - Net 12 "Net-(D1-Pad2)": blocked_path (blocked_path)
  - Net 14 "Net-(D2-Pad1)": blocked_path (blocked_path)
  - Net 44 "Net-(F1-Pad1)": blocked_path (blocked_path)
  - Net 11 "Net-(D1-Pad1)": blocked_path (blocked_path)
  - Net 8 "Net-(C15-Pad1)": blocked_path (blocked_path)
  ... and 1 more failed net
  Best result so far: 2L with 3/11 (27%)
  Note: overflow=0 but best completion 27% < 50% floor — continuing escalation (issue #2673)

  Routed: 3/11 nets (27%)
  Status: INSUFFICIENT - escalating
  Failure causes: {'blocked_path': 13}
============================================================
Attempt 2: 4 layers (4-Layer SIG-GND-PWR-SIG)
============================================================
  Edge clearance: 0.3mm, 136 cells blocked
  Fine-pitch escape regions detected: 5 (J1, J3, U2, U3, U4); escape clearance 0.140mm
  WARNING: no manufacturer configured (rules.manufacturer unset); fine-pitch escape regions detected but escape clearance defaulted to rules.trace_clearance (no shrink). Set --manufacturer to enable the tier-aware escape clearance.
  Board size: 65.0mm x 56.0mm
  Nets to route: 11

  WARNING: 17 single-pad signal net(s) detected (13 defect(s), 4 connector NC):
    DEFECTS (likely missing footprint or schematic/PCB drift):
      - Net-(U3-Pad10)
      - Net-(U3-Pad11)
      - Net-(U3-Pad12)
      - Net-(U3-Pad13)
      - Net-(U3-Pad14)
      - Net-(U3-Pad15)
      - Net-(U3-Pad18)
      - Net-(U3-Pad19)
      - Net-(U3-Pad2)
      - Net-(U3-Pad20)
      - Net-(U3-Pad3)
      - Net-(U3-Pad6)
      - Net-(U3-Pad7)
    INFO -- connector-pin NCs (typically intentional GPIO no-connects):
      - Net-(J1-Pad4)
      - Net-(J3-Pad6)
      - Net-(J3-Pad7)
      - Net-(J3-Pad8)
  Run 'kct check --only single_pad_net <pcb>' for details. Routing will proceed but these nets cannot be connected.

  Routing (negotiated)...
  Escape routing: auto-enabled (dense packages: ['J1', 'U3', 'U4'])

=== Routing with Escape Pattern Generation ===
  Sub-grid pre-pass: 88 escapes for 152 off-grid pads, 8 cells unblocked
  Sub-grid pre-pass: 64 pads could not escape (components: C1, C10, C11, C12, C15, C16, C2, C4, C7, C8, D1, D2, F1, FB1, J1, J3, L1, R1, R2, R3, R4, U1, U3, U4)

--- Phase 1: Escape Routing (3 dense packages) ---
  J1: QFP, 11 pins
  U3: UNKNOWN, 34 pins
  U4: UNKNOWN, 22 pins
  Escape routes: J1 (QFP) - 1 pins escaped
  Escape routes: U3 (UNKNOWN) - 16 pins escaped
  Escape routes: U4 (UNKNOWN) - 2 pins escaped
  Escape endpoint overrides: 19 pads remapped to escape endpoints
  Generated 19 escape route segments
  Pad-channel budgets: 5 escape channel(s) tagged (Issue #3143)

--- Phase 2: Main Routing ---
  Relief-rescue sub-search cap: 10.0s wall clock -- deterministic rescue is off for this route (the default; opt in with deterministic_rescue=True; issue #4730)
  Relief-rescue transaction bound: exempt -- the two-phase stall-relief hook (#3471) carries no stage deadline into its rescues, so the proportional bound has no remaining-budget denominator on this path (issue #4781)

=== Two-Phase Routing (Global + Detailed) ===
  Skipping 17 single-pad net(s) (trivially connected)

--- Phase 1: Global Routing (tile-based) ---
  Tile grid: 19x17 (323 regions, 1220 edges, pitch=0.327mm, layers=4)
  Global routing: 0/11 nets have corridors (0 iterations, overflow=0, 0.0s)
  11 nets failed global routing (will attempt anyway)

--- Phase 2: Detailed Routing ---
  [  0.0%] Routing Net-(R4-Pad1)... (0.0s)
  [  9.1%] Routing Net-(C12-Pad1)... (0.0s)
  [ 18.2%] Routing Net-(R1-Pad1)... (0.0s)
  [ 27.3%] Routing Net-(C15-Pad2)... (0.0s)
  [ 36.4%] Routing Net-(D2-Pad2)... (0.0s)
  [ 45.5%] Routing Net-(D1-Pad2)... (0.0s)
  [ 54.5%] Routing Net-(D2-Pad1)... (0.0s)
  [ 63.6%] Routing Net-(F1-Pad1)... (0.0s)
  [ 72.7%] Routing Net-(D1-Pad1)... (0.0s)
  [ 81.8%] Routing Net-(C15-Pad1)... (0.0s)
  [ 90.9%] Routing Net-(C1-Pad1)... (0.0s)
  Initial pass: 0/11 nets, overflow: 0
  Initial pass stall (overflow=0): 11 net(s) unrouted -- engaging BLOCKED_BY_COMPONENT rip-up (0.0s)
  Relief rescue: Net-(R4-Pad1) has NO relief path (round 1) -- rolling back (0.0s)
  Relief rescue: Net-(C12-Pad1) has NO relief path (round 1) -- rolling back (0.0s)
  Relief rescue: Net-(R1-Pad1) has NO relief path (round 1) -- rolling back (0.0s)
  Relief rescue: Net-(C15-Pad2) has NO relief path (round 1) -- rolling back (0.0s)
  Relief rescue: Net-(D2-Pad2) has NO relief path (round 1) -- rolling back (0.0s)
  Relief rescue: Net-(D1-Pad2) has NO relief path (round 1) -- rolling back (0.0s)
  Relief rescue: Net-(D2-Pad1) has NO relief path (round 1) -- rolling back (0.0s)
  Relief rescue: Net-(F1-Pad1) has NO relief path (round 1) -- rolling back (0.0s)
  Relief rescue: Net-(D1-Pad1) has NO relief path (round 1) -- rolling back (0.0s)
  Relief rescue: Net-(C15-Pad1) has NO relief path (round 1) -- rolling back (0.0s)
  Relief rescue: Net-(C1-Pad1) has NO relief path (round 1) -- rolling back (0.0s)
  Stall relief rescue resolved 0/11 net(s) (0.0s)
  ⚠ Cross-net crossing between non-rippable escape infra: Net_0 vs Net-(C15-Pad1) -- neither net demotable; reported as a routing failure (M3, #4208)
  ⚠ Cross-net crossing between non-rippable escape infra: Net_0 vs Net-(J3-Pad8) -- neither net demotable; reported as a routing failure (M3, #4208)
  ⚠ Cross-net crossing between non-rippable escape infra: Net_0 vs Net-(J3-Pad6) -- neither net demotable; reported as a routing failure (M3, #4208)
  ⚠ Cross-net crossing between non-rippable escape infra: Net-(C15-Pad1) vs Net-(J3-Pad8) -- neither net demotable; reported as a routing failure (M3, #4208)
  ⚠ Cross-net crossing between non-rippable escape infra: Net-(C15-Pad1) vs Net-(J3-Pad6) -- neither net demotable; reported as a routing failure (M3, #4208)
  ⚠ Cross-net crossing between non-rippable escape infra: Net-(J3-Pad8) vs Net-(J3-Pad6) -- neither net demotable; reported as a routing failure (M3, #4208)

=== Two-Phase Routing Complete ===
  Total nets: 11
  Global routing: 0 corridors assigned
  Detailed routing: 20 nets routed
    (3 additional net(s) have partial routes)
  Total time: 0.0s
Failed nets:
  - Net 49 "Net-(R4-Pad1)": blocked_path (blocked_path)
  - Net 5 "Net-(C12-Pad1)": blocked_path (blocked_path)
  - Net 45 "Net-(R1-Pad1)": blocked_path (blocked_path)
  - Net 9 "Net-(C15-Pad2)": blocked_path (blocked_path)
  - Net 13 "Net-(D2-Pad2)": blocked_path (blocked_path)
  - Net 12 "Net-(D1-Pad2)": blocked_path (blocked_path)
  - Net 14 "Net-(D2-Pad1)": blocked_path (blocked_path)
  - Net 44 "Net-(F1-Pad1)": blocked_path (blocked_path)
  - Net 11 "Net-(D1-Pad1)": blocked_path (blocked_path)
  - Net 8 "Net-(C15-Pad1)": blocked_path (blocked_path)
  ... and 1 more failed net

=== Routing with Escape Complete ===
  Dense packages escaped: 3
  Total nets routed: 20
  Total segments: 190
  Total vias: 0
Failed nets:
  - Net 49 "Net-(R4-Pad1)": blocked_path (blocked_path)
  - Net 5 "Net-(C12-Pad1)": blocked_path (blocked_path)
  - Net 45 "Net-(R1-Pad1)": blocked_path (blocked_path)
  - Net 9 "Net-(C15-Pad2)": blocked_path (blocked_path)
  - Net 13 "Net-(D2-Pad2)": blocked_path (blocked_path)
  - Net 12 "Net-(D1-Pad2)": blocked_path (blocked_path)
  - Net 14 "Net-(D2-Pad1)": blocked_path (blocked_path)
  - Net 44 "Net-(F1-Pad1)": blocked_path (blocked_path)
  - Net 11 "Net-(D1-Pad1)": blocked_path (blocked_path)
  - Net 8 "Net-(C15-Pad1)": blocked_path (blocked_path)
  ... and 1 more failed net
  Note: overflow=0 but best completion 27% < 50% floor — continuing escalation (issue #2673)
  Note: stagnation detected but best completion 27% < 50% floor — continuing escalation (issue #2673)

  Routed: 3/11 nets (27%)
  Status: INSUFFICIENT - escalating
  Failure causes: {'blocked_path': 13}
============================================================
Attempt 3: 4 layers (4-Layer ALL-SIG)
============================================================
  Edge clearance: 0.3mm, 136 cells blocked
  Fine-pitch escape regions detected: 5 (J1, J3, U2, U3, U4); escape clearance 0.140mm
  WARNING: no manufacturer configured (rules.manufacturer unset); fine-pitch escape regions detected but escape clearance defaulted to rules.trace_clearance (no shrink). Set --manufacturer to enable the tier-aware escape clearance.
  Board size: 65.0mm x 56.0mm
  Nets to route: 11

  WARNING: 17 single-pad signal net(s) detected (13 defect(s), 4 connector NC):
    DEFECTS (likely missing footprint or schematic/PCB drift):
      - Net-(U3-Pad10)
      - Net-(U3-Pad11)
      - Net-(U3-Pad12)
      - Net-(U3-Pad13)
      - Net-(U3-Pad14)
      - Net-(U3-Pad15)
      - Net-(U3-Pad18)
      - Net-(U3-Pad19)
      - Net-(U3-Pad2)
      - Net-(U3-Pad20)
      - Net-(U3-Pad3)
      - Net-(U3-Pad6)
      - Net-(U3-Pad7)
    INFO -- connector-pin NCs (typically intentional GPIO no-connects):
      - Net-(J1-Pad4)
      - Net-(J3-Pad6)
      - Net-(J3-Pad7)
      - Net-(J3-Pad8)
  Run 'kct check --only single_pad_net <pcb>' for details. Routing will proceed but these nets cannot be connected.

  Routing (negotiated)...
  Escape routing: auto-enabled (dense packages: ['J1', 'U3', 'U4'])

=== Routing with Escape Pattern Generation ===
  Sub-grid pre-pass: 88 escapes for 152 off-grid pads, 8 cells unblocked
  Sub-grid pre-pass: 64 pads could not escape (components: C1, C10, C11, C12, C15, C16, C2, C4, C7, C8, D1, D2, F1, FB1, J1, J3, L1, R1, R2, R3, R4, U1, U3, U4)

--- Phase 1: Escape Routing (3 dense packages) ---
  J1: QFP, 11 pins
  U3: UNKNOWN, 34 pins
  U4: UNKNOWN, 22 pins
  Escape routes: J1 (QFP) - 1 pins escaped
  Escape routes: U3 (UNKNOWN) - 16 pins escaped
  Escape routes: U4 (UNKNOWN) - 2 pins escaped
  Escape endpoint overrides: 19 pads remapped to escape endpoints
  Generated 19 escape route segments
  Pad-channel budgets: 5 escape channel(s) tagged (Issue #3143)

--- Phase 2: Main Routing ---
  Relief-rescue sub-search cap: 10.0s wall clock -- deterministic rescue is off for this route (the default; opt in with deterministic_rescue=True; issue #4730)
  Relief-rescue transaction bound: exempt -- the two-phase stall-relief hook (#3471) carries no stage deadline into its rescues, so the proportional bound has no remaining-budget denominator on this path (issue #4781)

=== Two-Phase Routing (Global + Detailed) ===
  Skipping 17 single-pad net(s) (trivially connected)

--- Phase 1: Global Routing (tile-based) ---
  Tile grid: 19x17 (323 regions, 1220 edges, pitch=0.327mm, layers=4)
  Global routing: 0/11 nets have corridors (0 iterations, overflow=0, 0.0s)
  11 nets failed global routing (will attempt anyway)

--- Phase 2: Detailed Routing ---
  [  0.0%] Routing Net-(R4-Pad1)... (0.0s)
  [  9.1%] Routing Net-(C12-Pad1)... (0.0s)
  [ 18.2%] Routing Net-(R1-Pad1)... (0.0s)
  [ 27.3%] Routing Net-(C15-Pad2)... (0.0s)
  [ 36.4%] Routing Net-(D2-Pad2)... (0.0s)
  [ 45.5%] Routing Net-(D1-Pad2)... (0.0s)
  [ 54.5%] Routing Net-(D2-Pad1)... (0.0s)
  [ 63.6%] Routing Net-(F1-Pad1)... (0.0s)
  [ 72.7%] Routing Net-(D1-Pad1)... (0.0s)
  [ 81.8%] Routing Net-(C15-Pad1)... (0.0s)
  [ 90.9%] Routing Net-(C1-Pad1)... (0.0s)
  Initial pass: 0/11 nets, overflow: 0
  Initial pass stall (overflow=0): 11 net(s) unrouted -- engaging BLOCKED_BY_COMPONENT rip-up (0.0s)
  Relief rescue: Net-(R4-Pad1) has NO relief path (round 1) -- rolling back (0.0s)
  Relief rescue: Net-(C12-Pad1) has NO relief path (round 1) -- rolling back (0.0s)
  Relief rescue: Net-(R1-Pad1) has NO relief path (round 1) -- rolling back (0.0s)
  Relief rescue: Net-(C15-Pad2) has NO relief path (round 1) -- rolling back (0.0s)
  Relief rescue: Net-(D2-Pad2) has NO relief path (round 1) -- rolling back (0.0s)
  Relief rescue: Net-(D1-Pad2) has NO relief path (round 1) -- rolling back (0.0s)
  Relief rescue: Net-(D2-Pad1) has NO relief path (round 1) -- rolling back (0.0s)
  Relief rescue: Net-(F1-Pad1) has NO relief path (round 1) -- rolling back (0.0s)
  Relief rescue: Net-(D1-Pad1) has NO relief path (round 1) -- rolling back (0.0s)
  Relief rescue: Net-(C15-Pad1) has NO relief path (round 1) -- rolling back (0.0s)
  Relief rescue: Net-(C1-Pad1) has NO relief path (round 1) -- rolling back (0.0s)
  Stall relief rescue resolved 0/11 net(s) (0.0s)
  ⚠ Cross-net crossing between non-rippable escape infra: Net_0 vs Net-(C15-Pad1) -- neither net demotable; reported as a routing failure (M3, #4208)
  ⚠ Cross-net crossing between non-rippable escape infra: Net_0 vs Net-(J3-Pad8) -- neither net demotable; reported as a routing failure (M3, #4208)
  ⚠ Cross-net crossing between non-rippable escape infra: Net_0 vs Net-(J3-Pad6) -- neither net demotable; reported as a routing failure (M3, #4208)
  ⚠ Cross-net crossing between non-rippable escape infra: Net-(C15-Pad1) vs Net-(J3-Pad8) -- neither net demotable; reported as a routing failure (M3, #4208)
  ⚠ Cross-net crossing between non-rippable escape infra: Net-(C15-Pad1) vs Net-(J3-Pad6) -- neither net demotable; reported as a routing failure (M3, #4208)
  ⚠ Cross-net crossing between non-rippable escape infra: Net-(J3-Pad8) vs Net-(J3-Pad6) -- neither net demotable; reported as a routing failure (M3, #4208)

=== Two-Phase Routing Complete ===
  Total nets: 11
  Global routing: 0 corridors assigned
  Detailed routing: 20 nets routed
    (3 additional net(s) have partial routes)
  Total time: 0.0s
Failed nets:
  - Net 49 "Net-(R4-Pad1)": blocked_path (blocked_path)
  - Net 5 "Net-(C12-Pad1)": blocked_path (blocked_path)
  - Net 45 "Net-(R1-Pad1)": blocked_path (blocked_path)
  - Net 9 "Net-(C15-Pad2)": blocked_path (blocked_path)
  - Net 13 "Net-(D2-Pad2)": blocked_path (blocked_path)
  - Net 12 "Net-(D1-Pad2)": blocked_path (blocked_path)
  - Net 14 "Net-(D2-Pad1)": blocked_path (blocked_path)
  - Net 44 "Net-(F1-Pad1)": blocked_path (blocked_path)
  - Net 11 "Net-(D1-Pad1)": blocked_path (blocked_path)
  - Net 8 "Net-(C15-Pad1)": blocked_path (blocked_path)
  ... and 1 more failed net

=== Routing with Escape Complete ===
  Dense packages escaped: 3
  Total nets routed: 20
  Total segments: 190
  Total vias: 0
Failed nets:
  - Net 49 "Net-(R4-Pad1)": blocked_path (blocked_path)
  - Net 5 "Net-(C12-Pad1)": blocked_path (blocked_path)
  - Net 45 "Net-(R1-Pad1)": blocked_path (blocked_path)
  - Net 9 "Net-(C15-Pad2)": blocked_path (blocked_path)
  - Net 13 "Net-(D2-Pad2)": blocked_path (blocked_path)
  - Net 12 "Net-(D1-Pad2)": blocked_path (blocked_path)
  - Net 14 "Net-(D2-Pad1)": blocked_path (blocked_path)
  - Net 44 "Net-(F1-Pad1)": blocked_path (blocked_path)
  - Net 11 "Net-(D1-Pad1)": blocked_path (blocked_path)
  - Net 8 "Net-(C15-Pad1)": blocked_path (blocked_path)
  ... and 1 more failed net
  Note: overflow=0 but best completion 27% < 50% floor — continuing escalation (issue #2673)
  Note: stagnation detected but best completion 27% < 50% floor — continuing escalation (issue #2673)

  Routed: 3/11 nets (27%)
  Status: INSUFFICIENT - escalating
  Failure causes: {'blocked_path': 13}
============================================================
Attempt 4: 6 layers (6-Layer SIG-GND-SIG-SIG-PWR-SIG)
============================================================
  Edge clearance: 0.3mm, 204 cells blocked
  Fine-pitch escape regions detected: 5 (J1, J3, U2, U3, U4); escape clearance 0.140mm
  WARNING: no manufacturer configured (rules.manufacturer unset); fine-pitch escape regions detected but escape clearance defaulted to rules.trace_clearance (no shrink). Set --manufacturer to enable the tier-aware escape clearance.
  Board size: 65.0mm x 56.0mm
  Nets to route: 11

  WARNING: 17 single-pad signal net(s) detected (13 defect(s), 4 connector NC):
    DEFECTS (likely missing footprint or schematic/PCB drift):
      - Net-(U3-Pad10)
      - Net-(U3-Pad11)
      - Net-(U3-Pad12)
      - Net-(U3-Pad13)
      - Net-(U3-Pad14)
      - Net-(U3-Pad15)
      - Net-(U3-Pad18)
      - Net-(U3-Pad19)
      - Net-(U3-Pad2)
      - Net-(U3-Pad20)
      - Net-(U3-Pad3)
      - Net-(U3-Pad6)
      - Net-(U3-Pad7)
    INFO -- connector-pin NCs (typically intentional GPIO no-connects):
      - Net-(J1-Pad4)
      - Net-(J3-Pad6)
      - Net-(J3-Pad7)
      - Net-(J3-Pad8)
  Run 'kct check --only single_pad_net <pcb>' for details. Routing will proceed but these nets cannot be connected.

  Routing (negotiated)...
  Escape routing: auto-enabled (dense packages: ['J1', 'U3', 'U4'])

=== Routing with Escape Pattern Generation ===
  Sub-grid pre-pass: 88 escapes for 152 off-grid pads, 12 cells unblocked
  Sub-grid pre-pass: 64 pads could not escape (components: C1, C10, C11, C12, C15, C16, C2, C4, C7, C8, D1, D2, F1, FB1, J1, J3, L1, R1, R2, R3, R4, U1, U3, U4)

--- Phase 1: Escape Routing (3 dense packages) ---
  J1: QFP, 11 pins
  U3: UNKNOWN, 34 pins
  U4: UNKNOWN, 22 pins
  Escape routes: J1 (QFP) - 1 pins escaped
  Escape routes: U3 (UNKNOWN) - 16 pins escaped
  Escape routes: U4 (UNKNOWN) - 2 pins escaped
  Escape endpoint overrides: 19 pads remapped to escape endpoints
  Generated 19 escape route segments
  Pad-channel budgets: 5 escape channel(s) tagged (Issue #3143)

--- Phase 2: Main Routing ---
  Relief-rescue sub-search cap: 10.0s wall clock -- deterministic rescue is off for this route (the default; opt in with deterministic_rescue=True; issue #4730)
  Relief-rescue transaction bound: exempt -- the two-phase stall-relief hook (#3471) carries no stage deadline into its rescues, so the proportional bound has no remaining-budget denominator on this path (issue #4781)

=== Two-Phase Routing (Global + Detailed) ===
  Skipping 17 single-pad net(s) (trivially connected)

--- Phase 1: Global Routing (tile-based) ---
  Tile grid: 19x17 (323 regions, 1220 edges, pitch=0.327mm, layers=6)
  Global routing: 0/11 nets have corridors (0 iterations, overflow=0, 0.0s)
  11 nets failed global routing (will attempt anyway)

--- Phase 2: Detailed Routing ---
  [  0.0%] Routing Net-(R4-Pad1)... (0.0s)
  [  9.1%] Routing Net-(C12-Pad1)... (0.0s)
  [ 18.2%] Routing Net-(R1-Pad1)... (0.0s)
  [ 27.3%] Routing Net-(C15-Pad2)... (0.0s)
  [ 36.4%] Routing Net-(D2-Pad2)... (0.0s)
  [ 45.5%] Routing Net-(D1-Pad2)... (0.0s)
  [ 54.5%] Routing Net-(D2-Pad1)... (0.0s)
  [ 63.6%] Routing Net-(F1-Pad1)... (0.0s)
  [ 72.7%] Routing Net-(D1-Pad1)... (0.0s)
  [ 81.8%] Routing Net-(C15-Pad1)... (0.0s)
  [ 90.9%] Routing Net-(C1-Pad1)... (0.0s)
  Initial pass: 0/11 nets, overflow: 0
  Initial pass stall (overflow=0): 11 net(s) unrouted -- engaging BLOCKED_BY_COMPONENT rip-up (0.0s)
  Relief rescue: Net-(R4-Pad1) has NO relief path (round 1) -- rolling back (0.0s)
  Relief rescue: Net-(C12-Pad1) has NO relief path (round 1) -- rolling back (0.0s)
  Relief rescue: Net-(R1-Pad1) has NO relief path (round 1) -- rolling back (0.0s)
  Relief rescue: Net-(C15-Pad2) has NO relief path (round 1) -- rolling back (0.0s)
  Relief rescue: Net-(D2-Pad2) has NO relief path (round 1) -- rolling back (0.0s)
  Relief rescue: Net-(D1-Pad2) has NO relief path (round 1) -- rolling back (0.0s)
  Relief rescue: Net-(D2-Pad1) has NO relief path (round 1) -- rolling back (0.0s)
  Relief rescue: Net-(F1-Pad1) has NO relief path (round 1) -- rolling back (0.0s)
  Relief rescue: Net-(D1-Pad1) has NO relief path (round 1) -- rolling back (0.0s)
  Relief rescue: Net-(C15-Pad1) has NO relief path (round 1) -- rolling back (0.0s)
  Relief rescue: Net-(C1-Pad1) has NO relief path (round 1) -- rolling back (0.0s)
  Stall relief rescue resolved 0/11 net(s) (0.0s)
  ⚠ Cross-net crossing between non-rippable escape infra: Net_0 vs Net-(C15-Pad1) -- neither net demotable; reported as a routing failure (M3, #4208)
  ⚠ Cross-net crossing between non-rippable escape infra: Net_0 vs Net-(J3-Pad8) -- neither net demotable; reported as a routing failure (M3, #4208)
  ⚠ Cross-net crossing between non-rippable escape infra: Net_0 vs Net-(J3-Pad6) -- neither net demotable; reported as a routing failure (M3, #4208)
  ⚠ Cross-net crossing between non-rippable escape infra: Net-(C15-Pad1) vs Net-(J3-Pad8) -- neither net demotable; reported as a routing failure (M3, #4208)
  ⚠ Cross-net crossing between non-rippable escape infra: Net-(C15-Pad1) vs Net-(J3-Pad6) -- neither net demotable; reported as a routing failure (M3, #4208)
  ⚠ Cross-net crossing between non-rippable escape infra: Net-(J3-Pad8) vs Net-(J3-Pad6) -- neither net demotable; reported as a routing failure (M3, #4208)

=== Two-Phase Routing Complete ===
  Total nets: 11
  Global routing: 0 corridors assigned
  Detailed routing: 20 nets routed
    (3 additional net(s) have partial routes)
  Total time: 0.1s
Failed nets:
  - Net 49 "Net-(R4-Pad1)": blocked_path (blocked_path)
  - Net 5 "Net-(C12-Pad1)": blocked_path (blocked_path)
  - Net 45 "Net-(R1-Pad1)": blocked_path (blocked_path)
  - Net 9 "Net-(C15-Pad2)": blocked_path (blocked_path)
  - Net 13 "Net-(D2-Pad2)": blocked_path (blocked_path)
  - Net 12 "Net-(D1-Pad2)": blocked_path (blocked_path)
  - Net 14 "Net-(D2-Pad1)": blocked_path (blocked_path)
  - Net 44 "Net-(F1-Pad1)": blocked_path (blocked_path)
  - Net 11 "Net-(D1-Pad1)": blocked_path (blocked_path)
  - Net 8 "Net-(C15-Pad1)": blocked_path (blocked_path)
  ... and 1 more failed net

=== Routing with Escape Complete ===
  Dense packages escaped: 3
  Total nets routed: 20
  Total segments: 190
  Total vias: 0
Failed nets:
  - Net 49 "Net-(R4-Pad1)": blocked_path (blocked_path)
  - Net 5 "Net-(C12-Pad1)": blocked_path (blocked_path)
  - Net 45 "Net-(R1-Pad1)": blocked_path (blocked_path)
  - Net 9 "Net-(C15-Pad2)": blocked_path (blocked_path)
  - Net 13 "Net-(D2-Pad2)": blocked_path (blocked_path)
  - Net 12 "Net-(D1-Pad2)": blocked_path (blocked_path)
  - Net 14 "Net-(D2-Pad1)": blocked_path (blocked_path)
  - Net 44 "Net-(F1-Pad1)": blocked_path (blocked_path)
  - Net 11 "Net-(D1-Pad1)": blocked_path (blocked_path)
  - Net 8 "Net-(C15-Pad1)": blocked_path (blocked_path)
  ... and 1 more failed net
  Note: overflow=0 but best completion 27% < 50% floor — continuing escalation (issue #2673)
  Note: stagnation detected but best completion 27% < 50% floor — continuing escalation (issue #2673)

  Routed: 3/11 nets (27%)
  Status: INSUFFICIENT - escalating
  Failure causes: {'blocked_path': 13}

============================================================
LAYER ESCALATION SUMMARY
============================================================
Result: Best result on 2 layers (27% completion)
Warning: Did not achieve 95% completion on any layer count (max: 6)

--- Optimizing traces ---

--- Results ---
  Routes created:  19
  Segments:        19
  Vias:            0
  Total length:    5.23mm
  Nets routed:     3/11
  Partial routes:  2/11 -- have segments, not all pads connected
  Unrouted:        6/11 -- no segments at all

--- Saving routed PCB ---
  Saved to: /evidence/cases/strf.zero-touch/output/routed/strf.zero-touch.kicad_pcb
  Layer count: 2

--- Filling Copper Zones ---
  Filling zones in strf.zero-touch.kicad_pcb...
  Zone fill: complete
  Net-class-map sidecar: /evidence/cases/strf.zero-touch/output/routed/net_class_map.json
  Fab-profile sidecar: /evidence/cases/strf.zero-touch/output/routed/fab_profile.json
  DRC-constraint sidecars: /evidence/cases/strf.zero-touch/output/routed/strf.zero-touch.kicad_pro, /evidence/cases/strf.zero-touch/output/routed/strf.zero-touch.kicad_dru

--- DRC Validation ---
  Errors:   201
  Warnings: 135
    - connectivity: Net '+5V' is partially routed: 2 of 3 pads stranded (connected island has 1 pads) at (23.15, 28.60)
    - connectivity: Net 'NRF_ANT1' is partially routed: 2 of 3 pads stranded (connected island has 1 pads) at (49.35, 34.88)
    - connectivity: Net 'NRF_ANT2' is partially routed: 2 of 3 pads stranded (connected island has 1 pads) at (49.35, 33.91)
    - connectivity: Net 'NRF_CE' is partially routed: 1 of 2 pads stranded (connected island has 1 pads) at (43.96, 33.15)
    - connectivity: Net 'NRF_IRQ' is partially routed: 1 of 2 pads stranded (connected island has 1 pads) at (44.90, 36.09)
    ... and 196 more errors

  Run 'kct check /evidence/cases/strf.zero-touch/output/routed/strf.zero-touch.kicad_pcb --mfr jlcpcb' for full details
  Run 'kct fix-drc /evidence/cases/strf.zero-touch/output/routed/strf.zero-touch.kicad_pcb' to auto-repair clearance violations

============================================================
PARTIAL: Best result 27% on 2 layers

============================================================
Routing Incomplete (27% connected)
  Nets routed: 3/11 (27%)
  Partial routes: 2/11 (18%) -- have segments, not all pads connected
  Unrouted: 6/11 (55%) -- no segments at all

  Partially connected nets (2):
    Net-(D1-Pad2): 1/2 pads connected
    Net-(R1-Pad1): 1/2 pads connected
============================================================

Unrouted nets:
  Net-(C1-Pad1): Path blocked by component or trace
  Net-(C15-Pad1): Path blocked by component or trace
  Net-(C15-Pad2): Path blocked by component or trace
  Net-(D1-Pad1): Path blocked by component or trace
  Net-(D2-Pad1): Path blocked by component or trace
  Net-(F1-Pad1): Path blocked by component or trace

============================================================
Failure Summary by Cause
============================================================
  BLOCKED_PATH: 6 nets (100%)

============================================================
Routing Suggestions
============================================================

Based on failure analysis:

1. COMPONENT BLOCKING (6 nets affected)
   Direct paths are blocked by component keepouts.
   Try: Reposition components or use vias to route around


============================================================
RECOMMENDATION: 6/11 nets (55%) failed on 2 layers.
  Auto-layer escalation already ran; this was the best layer count.
  Try: kct route /evidence/cases/strf.zero-touch/output/normalized/strf.kicad_pcb --layers 4 (force more layers)
  Or:  review component placement (failures look like topology, not congestion)

Tip: Try randomized net ordering for better results:
  kct route /evidence/cases/strf.zero-touch/output/normalized/strf.kicad_pcb --strategy monte-carlo --mc-trials 20

Tip: Export failed net names for manual routing in KiCad:
  kct route /evidence/cases/strf.zero-touch/output/normalized/strf.kicad_pcb --export-failed-nets failed_nets.txt

============================================================
strf: 21.4% complete, 0 vias, 5.2mm -> /evidence/cases/strf.zero-touch/output/strf.zero-touch.json

# External autorouter benchmark results (zero-touch)

| Board | Protocol | Completion | Connections | Vias | Wirelength (mm) | Runtime | Backend | kct check | kicad-cli DRC | Diff pairs | Outcome | Artifact |
|---|---|---|---|---|---|---|---|---|---|---|---|---|
| strf | zero-touch | 21.4% | 21 of 98 | 0 | 5.23 | 137.0 s (partial) | cpp | FAIL (43E / 121W) | 146 | 0/2 | partial | router output |

**Notes**

- `strf` (zero-touch): seed=42
- `strf` (zero-touch): router exit code: 2
- `strf` (zero-touch): human baseline (pre-rip-up): 346 segments, 70 vias, 287.8mm, 17 unrouted pads
- `strf` (zero-touch): DeepPCB published reference: {'airwires': 98, 'completion_pct': 100, 'vias': 68, 'wall_clock_minutes_max': 3}

**Reproduction**

- `strf`: https://github.com/pms67/STRF-Kicad @ `0525ef655e460ff6d91d770582b47925e7852e7a` (kicad-tools `696315f`, protocol `zero-touch`)

markdown report: /evidence/cases/strf.zero-touch/output/report.zero-touch.md
